// Jest Snapshot v1, https://goo.gl/fbAQLP

exports[`App component renders App 1`] = `
<BrowserRouter>
  <CssBaseline />
  <Header />
  <Nav />
  <Switch>
    <Route
      path="/avatar"
    >
      <CharactersContainer />
    </Route>
    <Route
      path="/simpsons"
    >
      <h2>
        simpsons
      </h2>
    </Route>
    <Route
      path="/"
    >
      <CharactersContainer />
    </Route>
  </Switch>
</BrowserRouter>
`;
